I"0<h2 id="git관리-">Git관리 <br /></h2>
<p>Git 초기화<br /></p>
<blockquote>
  <p>① Terminal상에서 프로젝트 초기화시키기</p>

  <p>② Android Studio에서 프로젝트 초기화시키기</p>

  <p>hyungilee@HYUNGIs-MacBook-Pro AndroidStudioProjects % cd MVVMRecyclerViewJava
    hyungilee@HYUNGIs-MacBook-Pro MVVMRecyclerViewJava % git status
    fatal: not a git repository (or any of the parent directories): .git
    hyungilee@HYUNGIs-MacBook-Pro MVVMRecyclerViewJava % git init
    Initialized empty Git repository in /Users/hyungilee/AndroidStudioProjects/MVVMRecyclerViewJava/.git/
    hyungilee@HYUNGIs-MacBook-Pro MVVMRecyclerViewJava % git status
    On branch master</p>
</blockquote>

<blockquote>
  <p>No commits yet
    Untracked files:
    (use “git add <file>..." to include in what will be committed)
    .gitignore
    .idea/
    app/
    build.gradle
    gradle.properties
    gradle/
    gradlew
    gradlew.bat
    settings.gradle</file></p>
</blockquote>

<div class="highlighter-rouge"><div class="highlight"><pre class="highlight"><code>nothing added to commit but untracked files present (use "git add" to track)
hyungilee@HYUNGIs-MacBook-Pro MVVMRecyclerViewJava % git add -A
hyungilee@HYUNGIs-MacBook-Pro MVVMRecyclerViewJava % git status
On branch master

No commits yet

Changes to be committed:
(use "git rm --cached &lt;file&gt;..." to unstage)
new file:   .gitignore
new file:   .idea/codeStyles/Project.xml
new file:   .idea/gradle.xml
new file:   .idea/misc.xml
new file:   .idea/runConfigurations.xml
</code></pre></div></div>
:ET