I"e<h2 id="git관리-">Git관리 <br /></h2>
<p>Git 초기화<br /></p>
<blockquote>
  <p>① Terminal상에서 프로젝트 초기화시키기</p>

  <p>② Android Studio에서 프로젝트 초기화시키기</p>
  <ol>
    <li>우선 안드로이드로부터 실습용 Project를 생성했다. “MVVMRecyclerViewJava”</li>
    <li>Terminal상에서 해당 폴더 위치로 들어가서 <strong><font color="Red">"$git status"</font></strong>를 확인해보면 아래와 같은 메시지를 볼 수 있는데, 이는 <strong><font color="Red">git init</font></strong>을 통해 초기화를 시켜줘야한다.<br />
3.</li>
  </ol>
</blockquote>

<div class="highlighter-rouge"><div class="highlight"><pre class="highlight"><code>hyungilee@HYUNGIs-MacBook-Pro AndroidStudioProjects % cd MVVMRecyclerViewJava
hyungilee@HYUNGIs-MacBook-Pro MVVMRecyclerViewJava % git status
fatal: not a git repository (or any of the parent directories): .git
hyungilee@HYUNGIs-MacBook-Pro MVVMRecyclerViewJava % git init
Initialized empty Git repository in /Users/hyungilee/AndroidStudioProjects/MVVMRecyclerViewJava/.git/
hyungilee@HYUNGIs-MacBook-Pro MVVMRecyclerViewJava % git status
On branch master

No commits yet

Untracked files:
(use "git add &lt;file&gt;..." to include in what will be committed)
.gitignore
.idea/
app/
build.gradle
gradle.properties
gradle/
gradlew
gradlew.bat
settings.gradle

nothing added to commit but untracked files present (use "git add" to track)
hyungilee@HYUNGIs-MacBook-Pro MVVMRecyclerViewJava % git add -A
hyungilee@HYUNGIs-MacBook-Pro MVVMRecyclerViewJava % git status
On branch master

No commits yet

Changes to be committed:
(use "git rm --cached &lt;file&gt;..." to unstage)
new file:   .gitignore
new file:   .idea/codeStyles/Project.xml
new file:   .idea/gradle.xml
new file:   .idea/misc.xml
new file:   .idea/runConfigurations.xml
</code></pre></div></div>
:ET